// Jest Snapshot v1, https://goo.gl/fbAQLP

exports[`<WelcomeScreen/> render() renders the component 1`] = `
<ScrollView>
  <AppScreen>
    <Component
      source={
        Object {
          "testUri": "../../../assets/fk-header.png",
        }
      }
      style={
        Object {
          "height": 200,
          "resizeMode": "contain",
          "width": "100%",
        }
      }
    />
    <MenuButtonContainer>
      <MenuButton
        onPress={[Function]}
        title="Conectar"
      />
      <MenuButton
        onPress={[Function]}
        title="Navegador"
      />
      <MenuButton
        onPress={[Function]}
        title="Modo FÃ¡cil"
      />
      <MenuButton
        onPress={[Function]}
        title="Map"
      />
      <MenuButton
        onPress={[Function]}
        title="Sobre"
      />
    </MenuButtonContainer>
  </AppScreen>
</ScrollView>
`;
